<!doctype html>
<html lang="en">
<head>
    <title>Code coverage report for jest-with-vue/tests/unit/__snapshots__/example.spec.js.snap</title>
    <meta charset="utf-8" />
    <link rel="stylesheet" href="..\..\..\..\prettify.css" />
    <link rel="stylesheet" href="..\..\..\..\base.css" />
    <meta name="viewport" content="width=device-width, initial-scale=1">
    <style type='text/css'>
        .coverage-summary .sorter {
            background-image: url(..\..\..\..\sort-arrow-sprite.png);
        }
    </style>
</head>
<body>
<div class='wrapper'>
  <div class='pad1'>
    <h1>
      <a href="..\..\..\..\index.html">All files</a> / <a href="index.html">jest-with-vue/tests/unit/__snapshots__</a> example.spec.js.snap
    </h1>
    <div class='clearfix'>
      <div class='fl pad1y space-right2'>
        <span class="strong">0% </span>
        <span class="quiet">Statements</span>
        <span class='fraction'>0/1</span>
      </div>
      <div class='fl pad1y space-right2'>
        <span class="strong">100% </span>
        <span class="quiet">Branches</span>
        <span class='fraction'>0/0</span>
      </div>
      <div class='fl pad1y space-right2'>
        <span class="strong">100% </span>
        <span class="quiet">Functions</span>
        <span class='fraction'>0/0</span>
      </div>
      <div class='fl pad1y space-right2'>
        <span class="strong">0% </span>
        <span class="quiet">Lines</span>
        <span class='fraction'>0/1</span>
      </div>
    </div>
  </div>
  <div class='status-line low'></div>
<pre><table class="coverage">
<tr><td class="line-count quiet">1
2
3
4
5
6
7
8
9
10
11
12
13
14
15
16
17
18</td><td class="line-coverage quiet"><span class="cline-any cline-neutral">&nbsp;</span>
<span class="cline-any cline-neutral">&nbsp;</span>
<span class="cline-any cline-no">&nbsp;</span>
<span class="cline-any cline-neutral">&nbsp;</span>
<span class="cline-any cline-neutral">&nbsp;</span>
<span class="cline-any cline-neutral">&nbsp;</span>
<span class="cline-any cline-neutral">&nbsp;</span>
<span class="cline-any cline-neutral">&nbsp;</span>
<span class="cline-any cline-neutral">&nbsp;</span>
<span class="cline-any cline-neutral">&nbsp;</span>
<span class="cline-any cline-neutral">&nbsp;</span>
<span class="cline-any cline-neutral">&nbsp;</span>
<span class="cline-any cline-neutral">&nbsp;</span>
<span class="cline-any cline-neutral">&nbsp;</span>
<span class="cline-any cline-neutral">&nbsp;</span>
<span class="cline-any cline-neutral">&nbsp;</span>
<span class="cline-any cline-neutral">&nbsp;</span>
<span class="cline-any cline-neutral">&nbsp;</span></td><td class="text"><pre class="prettyprint lang-js">// Jest Snapshot v1, https://goo.gl/fbAQLP
&nbsp;
<span class="cstat-no" title="statement not covered" >exports[`Todo snapshot checks check if input box renders correctly 1`] = `</span>
&lt;section&gt;
  &lt;h1&gt;TO DO LIST&lt;/h1&gt;
  &lt;div class="todoapp"&gt;
    &lt;header class="header"&gt;&lt;input autofocus="autofocus" autocomplete="off" placeholder="Add an item" class="new-todo"&gt;&lt;/header&gt;
    &lt;section class="main" style="display: none;"&gt;
      &lt;ul class="todo-list"&gt;&lt;/ul&gt;
    &lt;/section&gt;
    &lt;footer class="footer" style="display: none;"&gt;
      &lt;div class="total"&gt;Items: 0&lt;/div&gt; &lt;button class="async-add"&gt;Async Add&lt;/button&gt;
      &lt;div class="completed-list"&gt;Completed: 0&lt;/div&gt;
    &lt;/footer&gt;
  &lt;/div&gt;
&lt;/section&gt;
`;
&nbsp;</pre></td></tr>
</table></pre>
<div class='push'></div><!-- for sticky footer -->
</div><!-- /wrapper -->
<div class='footer quiet pad2 space-top1 center small'>
  Code coverage
  generated by <a href="https://istanbul.js.org/" target="_blank">istanbul</a> at Sun Sep 29 2019 19:11:39 GMT+0530 (India Standard Time)
</div>
</div>
<script src="..\..\..\..\prettify.js"></script>
<script>
window.onload = function () {
        if (typeof prettyPrint === 'function') {
            prettyPrint();
        }
};
</script>
<script src="..\..\..\..\sorter.js"></script>
</body>
</html>
